192.168.1.29 - ִףבנמגסךטי [31/Oct/2016:08:37:45 +0300] "CONNECT nby06.gismeteo.by:443 HTTP/1.1" 200 0 "HTTPS" "outgoing via 192.168.1.2"
192.168.1.29 - ִףבנמגסךטי [31/Oct/2016:08:37:45 +0300] "CONNECT nby04.gismeteo.by:443 HTTP/1.1" 200 0 "HTTPS" "outgoing via 192.168.1.2"
192.168.1.29 - ִףבנמגסךטי [31/Oct/2016:08:37:45 +0300] "CONNECT nby04.gismeteo.by:443 HTTP/1.1" 200 0 "HTTPS" "outgoing via 192.168.1.2"
192.168.1.29 - ִףבנמגסךטי [31/Oct/2016:08:37:45 +0300] "CONNECT nby04.gismeteo.by:443 HTTP/1.1" 200 0 "HTTPS" "outgoing via 192.168.1.2"
192.168.1.29 - ִףבנמגסךטי [31/Oct/2016:08:37:45 +0300] "CONNECT rtax.criteo.com:443 HTTP/1.1" 200 0 "HTTPS" "outgoing via 192.168.1.2"
192.168.1.29 - ִףבנמגסךטי [31/Oct/2016:08:37:46 +0300] "CONNECT www.gismeteo.by:443 HTTP/1.1" 200 0 "HTTPS" "outgoing via 192.168.1.2"
192.168.1.29 - ִףבנמגסךטי [31/Oct/2016:08:37:46 +0300] "CONNECT mc.yandex.ru:443 HTTP/1.1" 200 0 "HTTPS" "outgoing via 192.168.1.2"
192.168.1.29 - ִףבנמגסךטי [31/Oct/2016:08:37:47 +0300] "CONNECT counter.yadro.ru:443 HTTP/1.1" 200 0 "HTTPS" "outgoing via 192.168.1.2"
192.168.1.29 - ִףבנמגסךטי [31/Oct/2016:08:37:47 +0300] "CONNECT nby03.gismeteo.by:443 HTTP/1.1" 200 0 "HTTPS" "outgoing via 192.168.1.2"
192.168.1.29 - ִףבנמגסךטי [31/Oct/2016:08:37:48 +0300] "CONNECT nby08.gismeteo.by:443 HTTP/1.1" 200 0 "HTTPS" "outgoing via 192.168.1.2"
192.168.1.29 - ִףבנמגסךטי [31/Oct/2016:08:37:48 +0300] "CONNECT nby02.gismeteo.by:443 HTTP/1.1" 200 0 "HTTPS" "outgoing via 192.168.1.2"
192.168.1.29 - ִףבנמגסךטי [31/Oct/2016:08:37:49 +0300] "CONNECT nby05.gismeteo.by:443 HTTP/1.1" 200 0 "HTTPS" "outgoing via 192.168.1.2"
192.168.1.29 - ִףבנמגסךטי [31/Oct/2016:08:38:41 +0300] "GET http://top-fwz1.mail.ru/tracker?js=13;id=2771150;u=http%3A//news.tut.by/world/518068.html;r=http%3A//www.tut.by/%3Fcrnd%3D57461;s=1280*1024;vp=1264*933;touch=0;hds=1;flash=22.0;sid=5c03cac3;ver=60;_=0.7724892270037507;e=CE%3A2/t0%3B/world/518068.html%3Bdesktop HTTP/1.1" 200 463 "HTTP" ""
192.168.1.29 - ִףבנמגסךטי [31/Oct/2016:08:38:46 +0300] "GET http://top-fwz1.mail.ru/tracker?js=13;id=2771150;u=http%3A//news.tut.by/world/518068.html;r=http%3A//www.tut.by/%3Fcrnd%3D57461;s=1280*1024;vp=1264*933;touch=0;hds=1;flash=22.0;sid=5c03cac3;ver=60;_=0.2648685296373887;e=CE%3A2/t0%3B/world/518068.html%3Bdesktop HTTP/1.1" 200 463 "HTTP" ""
192.168.1.18 - ֱ‏הזוע_502 [31/Oct/2016:08:38:47 +0300] "POST http://s.amigo.mail.ru/sid.408?v_browser=Amigo%2F47.5.2526.115&v_chrome=47.5.2526.115&v_extension=26.0.10&rfr=821292&aid=A5619007-122A-4938-9037-6076D181810E&id_extension=diciddlabejpoaofdnmoamebeohoiobg HTTP/1.1" 200 153 "HTTP" ""
192.168.1.29 - ִףבנמגסךטי [31/Oct/2016:08:38:47 +0300] "GET http://top-fwz1.mail.ru/tracker?js=13;id=2771150;u=http%3A//news.tut.by/world/518068.html;r=http%3A//www.tut.by/%3Fcrnd%3D57461;s=1280*1024;vp=1264*933;touch=0;hds=1;flash=22.0;sid=5c03cac3;ver=60;_=0.700821751849867;e=CE%3A2/t0%3B/world/518068.html%3Bdesktop HTTP/1.1" 200 463 "HTTP" ""
192.168.1.29 - ִףבנמגסךטי [31/Oct/2016:08:38:49 +0300] "CONNECT tt.onthe.io:443 HTTP/1.1" 200 0 "HTTPS" "outgoing via 192.168.1.2"
192.168.1.29 - ִףבנמגסךטי [31/Oct/2016:08:38:52 +0300] "GET http://top-fwz1.mail.ru/tracker?js=13;id=2771150;u=http%3A//news.tut.by/world/518068.html;r=http%3A//www.tut.by/%3Fcrnd%3D57461;s=1280*1024;vp=1264*933;touch=0;hds=1;flash=22.0;sid=5c03cac3;ver=60;_=0.6754732652797273;e=CE%3A2/s2%3B/world/518068.html%3Bdesktop HTTP/1.1" 200 463 "HTTP" ""
192.168.1.29 - ִףבנמגסךטי [31/Oct/2016:08:38:57 +0300] "GET http://top-fwz1.mail.ru/tracker?js=13;id=2771150;u=http%3A//news.tut.by/world/518068.html;r=http%3A//www.tut.by/%3Fcrnd%3D57461;s=1280*1024;vp=1264*933;touch=0;hds=1;flash=22.0;sid=5c03cac3;ver=60;_=0.4671138842230611;e=CE%3A2/t1%3B/world/518068.html%3Bdesktop HTTP/1.1" 200 463 "HTTP" ""
192.168.1.29 - ִףבנמגסךטי [31/Oct/2016:08:39:02 +0300] "CONNECT tt.onthe.io:443 HTTP/1.1" 200 0 "HTTPS" "outgoing via 192.168.1.2"
192.168.1.29 - ִףבנמגסךטי [31/Oct/2016:08:39:06 +0300] "GET http://top-fwz1.mail.ru/tracker?js=13;id=2771150;u=http%3A//news.tut.by/world/518068.html;r=http%3A//www.tut.by/%3Fcrnd%3D57461;s=1280*1024;vp=1264*933;touch=0;hds=1;flash=22.0;sid=5c03cac3;ver=60;_=0.6429594661022071;e=CE%3A2/t1%3B/world/518068.html%3Bdesktop HTTP/1.1" 200 463 "HTTP" ""
192.168.1.29 - ִףבנמגסךטי [31/Oct/2016:08:39:06 +0300] "GET http://top-fwz1.mail.ru/tracker?js=13;id=2771150;u=http%3A//news.tut.by/world/518068.html;r=http%3A//www.tut.by/%3Fcrnd%3D57461;s=1280*1024;vp=1264*933;touch=0;hds=1;flash=22.0;sid=5c03cac3;ver=60;_=0.7192363564184214;e=CE%3A2/ts1%3B/world/518068.html%3Bdesktop HTTP/1.1" 200 463 "HTTP" ""
192.168.1.37 - אנכ‏ך_ׂ_ֲ [31/Oct/2016:08:39:09 +0300] "GET http://www.download.windowsupdate.com/msdownload/update/v3/static/trustedr/en/authrootseq.txt HTTP/1.1" 200 406 "HTTP" ""
192.168.1.29 - ִףבנמגסךטי [31/Oct/2016:08:39:10 +0300] "GET http://top-fwz1.mail.ru/tracker?js=13;id=2771150;u=http%3A//news.tut.by/world/518068.html;r=http%3A//www.tut.by/%3Fcrnd%3D57461;s=1280*1024;vp=1264*933;touch=0;hds=1;flash=22.0;sid=5c03cac3;ver=60;_=0.8522033711304846;e=CE%3A2/t2%3B/world/518068.html%3Bdesktop HTTP/1.1" 200 463 "HTTP" ""
192.168.1.29 - ִףבנמגסךטי [31/Oct/2016:08:39:11 +0300] "GET http://top-fwz1.mail.ru/tracker?js=13;id=2771150;u=http%3A//news.tut.by/world/518068.html;r=http%3A//www.tut.by/%3Fcrnd%3D57461;s=1280*1024;vp=1264*933;touch=0;hds=1;flash=22.0;sid=5c03cac3;ver=60;_=0.6822083106786645;e=CE%3A2/s3%3B/world/518068.html%3Bdesktop HTTP/1.1" 200 463 "HTTP" ""
192.168.1.29 - ִףבנמגסךטי [31/Oct/2016:08:39:16 +0300] "GET http://top-fwz1.mail.ru/tracker?js=13;id=2771150;u=http%3A//news.tut.by/world/518068.html;r=http%3A//www.tut.by/%3Fcrnd%3D57461;s=1280*1024;vp=1264*933;touch=0;hds=1;flash=22.0;sid=5c03cac3;ver=60;_=0.8693884453447112;e=CE%3A2/t2%3B/world/518068.html%3Bdesktop HTTP/1.1" 200 463 "HTTP" ""
192.168.1.29 - ִףבנמגסךטי [31/Oct/2016:08:39:21 +0300] "GET http://top-fwz1.mail.ru/tracker?js=13;id=2771150;u=http%3A//news.tut.by/world/518068.html;r=http%3A//www.tut.by/%3Fcrnd%3D57461;s=1280*1024;vp=1264*933;touch=0;hds=1;flash=22.0;sid=5c03cac3;ver=60;_=0.2893021036241483;e=CE%3A2/t2%3B/world/518068.html%3Bdesktop HTTP/1.1" 200 463 "HTTP" ""
192.168.1.29 - ִףבנמגסךטי [31/Oct/2016:08:39:26 +0300] "GET http://top-fwz1.mail.ru/tracker?js=13;id=2771150;u=http%3A//news.tut.by/world/518068.html;r=http%3A//www.tut.by/%3Fcrnd%3D57461;s=1280*1024;vp=1264*933;touch=0;hds=1;flash=22.0;sid=5c03cac3;ver=60;_=0.059803748554495106;e=CE%3A2/t2%3B/world/518068.html%3Bdesktop HTTP/1.1" 200 463 "HTTP" ""
192.168.1.29 - ִףבנמגסךטי [31/Oct/2016:08:39:31 +0300] "GET http://top-fwz1.mail.ru/tracker?js=13;id=2771150;u=http%3A//news.tut.by/world/518068.html;r=http%3A//www.tut.by/%3Fcrnd%3D57461;s=1280*1024;vp=1264*933;touch=0;hds=1;flash=22.0;sid=5c03cac3;ver=60;_=0.7230754763731313;e=CE%3A2/t2%3B/world/518068.html%3Bdesktop HTTP/1.1" 200 463 "HTTP" ""
192.168.1.29 - ִףבנמגסךטי [31/Oct/2016:08:39:36 +0300] "GET http://top-fwz1.mail.ru/tracker?js=13;id=2771150;u=http%3A//news.tut.by/world/518068.html;r=http%3A//www.tut.by/%3Fcrnd%3D57461;s=1280*1024;vp=1264*933;touch=0;hds=1;flash=22.0;sid=5c03cac3;ver=60;_=0.9651039794620979;e=CE%3A2/t2%3B/world/518068.html%3Bdesktop HTTP/1.1" 200 463 "HTTP" ""
192.168.1.29 - ִףבנמגסךטי [31/Oct/2016:08:39:41 +0300] "GET http://top-fwz1.mail.ru/tracker?js=13;id=2771150;u=http%3A//news.tut.by/world/518068.html;r=http%3A//www.tut.by/%3Fcrnd%3D57461;s=1280*1024;vp=1264*933;touch=0;hds=1;flash=22.0;sid=5c03cac3;ver=60;_=0.4569123428417645;e=CE%3A2/t2%3B/world/518068.html%3Bdesktop HTTP/1.1" 200 463 "HTTP" ""
192.168.1.29 - ִףבנמגסךטי [31/Oct/2016:08:39:46 +0300] "GET http://top-fwz1.mail.ru/tracker?js=13;id=2771150;u=http%3A//news.tut.by/world/518068.html;r=http%3A//www.tut.by/%3Fcrnd%3D57461;s=1280*1024;vp=1264*933;touch=0;hds=1;flash=22.0;sid=5c03cac3;ver=60;_=0.46769866475621336;e=CE%3A2/t2%3B/world/518068.html%3Bdesktop HTTP/1.1" 200 463 "HTTP" ""
192.168.1.29 - ִףבנמגסךטי [31/Oct/2016:08:39:51 +0300] "GET http://top-fwz1.mail.ru/tracker?js=13;id=2771150;u=http%3A//news.tut.by/world/518068.html;r=http%3A//www.tut.by/%3Fcrnd%3D57461;s=1280*1024;vp=1264*933;touch=0;hds=1;flash=22.0;sid=5c03cac3;ver=60;_=0.4053359441616624;e=CE%3A2/t2%3B/world/518068.html%3Bdesktop HTTP/1.1" 200 463 "HTTP" ""
192.168.1.29 - ִףבנמגסךטי [31/Oct/2016:08:39:56 +0300] "GET http://top-fwz1.mail.ru/tracker?js=13;id=2771150;u=http%3A//news.tut.by/world/518068.html;r=http%3A//www.tut.by/%3Fcrnd%3D57461;s=1280*1024;vp=1264*933;touch=0;hds=1;flash=22.0;sid=5c03cac3;ver=60;_=0.1896800800385079;e=CE%3A2/t2%3B/world/518068.html%3Bdesktop HTTP/1.1" 200 463 "HTTP" ""
192.168.1.29 - ִףבנמגסךטי [31/Oct/2016:08:40:01 +0300] "GET http://top-fwz1.mail.ru/tracker?js=13;id=2771150;u=http%3A//news.tut.by/world/518068.html;r=http%3A//www.tut.by/%3Fcrnd%3D57461;s=1280*1024;vp=1264*933;touch=0;hds=1;flash=22.0;sid=5c03cac3;ver=60;_=0.07212269723368392;e=CE%3A2/t2%3B/world/518068.html%3Bdesktop HTTP/1.1" 200 463 "HTTP" ""
192.168.1.29 - ִףבנמגסךטי [31/Oct/2016:08:40:06 +0300] "GET http://top-fwz1.mail.ru/tracker?js=13;id=2771150;u=http%3A//news.tut.by/world/518068.html;r=http%3A//www.tut.by/%3Fcrnd%3D57461;s=1280*1024;vp=1264*933;touch=0;hds=1;flash=22.0;sid=5c03cac3;ver=60;_=0.167532286479799;e=CE%3A2/t2%3B/world/518068.html%3Bdesktop HTTP/1.1" 200 463 "HTTP" ""
192.168.1.29 - ִףבנמגסךטי [31/Oct/2016:08:40:06 +0300] "GET http://top-fwz1.mail.ru/tracker?js=13;id=2771150;u=http%3A//news.tut.by/world/518068.html;r=http%3A//www.tut.by/%3Fcrnd%3D57461;s=1280*1024;vp=1264*933;touch=0;hds=1;flash=22.0;sid=5c03cac3;ver=60;_=0.07580436854937966;e=CE%3A2/ts2%3B/world/518068.html%3Bdesktop HTTP/1.1" 200 463 "HTTP" ""
192.168.1.29 - ִףבנמגסךטי [31/Oct/2016:08:40:12 +0300] "GET http://top-fwz1.mail.ru/tracker?js=13;id=2771150;u=http%3A//news.tut.by/world/518068.html;r=http%3A//www.tut.by/%3Fcrnd%3D57461;s=1280*1024;vp=1264*933;touch=0;hds=1;flash=22.0;sid=5c03cac3;ver=60;_=0.1252143308466347;e=CE%3A2/t2%3B/world/518068.html%3Bdesktop HTTP/1.1" 200 463 "HTTP" ""
192.168.1.29 - ִףבנמגסךטי [31/Oct/2016:08:40:17 +0300] "GET http://top-fwz1.mail.ru/tracker?js=13;id=2771150;u=http%3A//news.tut.by/world/518068.html;r=http%3A//www.tut.by/%3Fcrnd%3D57461;s=1280*1024;vp=1264*933;touch=0;hds=1;flash=22.0;sid=5c03cac3;ver=60;_=0.5634940098263286;e=CE%3A2/t1%3B/world/518068.html%3Bdesktop HTTP/1.1" 200 463 "HTTP" ""
192.168.1.29 - ִףבנמגסךטי [31/Oct/2016:08:40:22 +0300] "GET http://top-fwz1.mail.ru/tracker?js=13;id=2771150;u=http%3A//news.tut.by/world/518068.html;r=http%3A//www.tut.by/%3Fcrnd%3D57461;s=1280*1024;vp=1264*933;touch=0;hds=1;flash=22.0;sid=5c03cac3;ver=60;_=0.8728345993975781;e=CE%3A2/t1%3B/world/518068.html%3Bdesktop HTTP/1.1" 200 463 "HTTP" ""
192.168.1.29 - ִףבנמגסךטי [31/Oct/2016:08:40:27 +0300] "GET http://top-fwz1.mail.ru/tracker?js=13;id=2771150;u=http%3A//news.tut.by/world/518068.html;r=http%3A//www.tut.by/%3Fcrnd%3D57461;s=1280*1024;vp=1264*933;touch=0;hds=1;flash=22.0;sid=5c03cac3;ver=60;_=0.6716479603588303;e=CE%3A2/t1%3B/world/518068.html%3Bdesktop HTTP/1.1" 200 463 "HTTP" ""
192.168.1.29 - ִףבנמגסךטי [31/Oct/2016:08:40:32 +0300] "GET http://top-fwz1.mail.ru/tracker?js=13;id=2771150;u=http%3A//news.tut.by/world/518068.html;r=http%3A//www.tut.by/%3Fcrnd%3D57461;s=1280*1024;vp=1264*933;touch=0;hds=1;flash=22.0;sid=5c03cac3;ver=60;_=0.6195147306871578;e=CE%3A2/t1%3B/world/518068.html%3Bdesktop HTTP/1.1" 200 463 "HTTP" ""
192.168.1.29 - ִףבנמגסךטי [31/Oct/2016:08:40:37 +0300] "GET http://top-fwz1.mail.ru/tracker?js=13;id=2771150;u=http%3A//news.tut.by/world/518068.html;r=http%3A//www.tut.by/%3Fcrnd%3D57461;s=1280*1024;vp=1264*933;touch=0;hds=1;flash=22.0;sid=5c03cac3;ver=60;_=0.47372777503659647;e=CE%3A2/t1%3B/world/518068.html%3Bdesktop HTTP/1.1" 200 463 "HTTP" ""
192.168.1.29 - ִףבנמגסךטי [31/Oct/2016:08:40:42 +0300] "GET http://top-fwz1.mail.ru/tracker?js=13;id=2771150;u=http%3A//news.tut.by/world/518068.html;r=http%3A//www.tut.by/%3Fcrnd%3D57461;s=1280*1024;vp=1264*933;touch=0;hds=1;flash=22.0;sid=5c03cac3;ver=60;_=0.5884279245750819;e=CE%3A2/t1%3B/world/518068.html%3Bdesktop HTTP/1.1" 200 463 "HTTP" ""
192.168.1.29 - ִףבנמגסךטי [31/Oct/2016:08:40:47 +0300] "GET http://top-fwz1.mail.ru/tracker?js=13;id=2771150;u=http%3A//news.tut.by/world/518068.html;r=http%3A//www.tut.by/%3Fcrnd%3D57461;s=1280*1024;vp=1264*933;touch=0;hds=1;flash=22.0;sid=5c03cac3;ver=60;_=0.72017478737464;e=CE%3A2/t1%3B/world/518068.html%3Bdesktop HTTP/1.1" 200 463 "HTTP" ""
192.168.1.29 - ִףבנמגסךטי [31/Oct/2016:08:40:52 +0300] "GET http://top-fwz1.mail.ru/tracker?js=13;id=2771150;u=http%3A//news.tut.by/world/518068.html;r=http%3A//www.tut.by/%3Fcrnd%3D57461;s=1280*1024;vp=1264*933;touch=0;hds=1;flash=22.0;sid=5c03cac3;ver=60;_=0.424559191716962;e=CE%3A2/t1%3B/world/518068.html%3Bdesktop HTTP/1.1" 200 463 "HTTP" ""
192.168.1.29 - ִףבנמגסךטי [31/Oct/2016:08:40:57 +0300] "GET http://top-fwz1.mail.ru/tracker?js=13;id=2771150;u=http%3A//news.tut.by/world/518068.html;r=http%3A//www.tut.by/%3Fcrnd%3D57461;s=1280*1024;vp=1264*933;touch=0;hds=1;flash=22.0;sid=5c03cac3;ver=60;_=0.6751454768273772;e=CE%3A2/t1%3B/world/518068.html%3Bdesktop HTTP/1.1" 200 463 "HTTP" ""
192.168.1.29 - ִףבנמגסךטי [31/Oct/2016:08:41:02 +0300] "CONNECT mtalk.google.com:5228 HTTP/1.1" 200 0 "HTTPS" "outgoing via 192.168.1.2"
192.168.1.29 - ִףבנמגסךטי [31/Oct/2016:08:41:02 +0300] "GET http://top-fwz1.mail.ru/tracker?js=13;id=2771150;u=http%3A//news.tut.by/world/518068.html;r=http%3A//www.tut.by/%3Fcrnd%3D57461;s=1280*1024;vp=1264*933;touch=0;hds=1;flash=22.0;sid=5c03cac3;ver=60;_=0.8554620217116593;e=CE%3A2/t1%3B/world/518068.html%3Bdesktop HTTP/1.1" 200 463 "HTTP" ""
192.168.1.29 - ִףבנמגסךטי [31/Oct/2016:08:41:07 +0300] "GET http://top-fwz1.mail.ru/tracker?js=13;id=2771150;u=http%3A//news.tut.by/world/518068.html;r=http%3A//www.tut.by/%3Fcrnd%3D57461;s=1280*1024;vp=1264*933;touch=0;hds=1;flash=22.0;sid=5c03cac3;ver=60;_=0.9370066268043784;e=CE%3A2/t1%3B/world/518068.html%3Bdesktop HTTP/1.1" 200 463 "HTTP" ""
192.168.1.29 - ִףבנמגסךטי [31/Oct/2016:08:41:12 +0300] "GET http://top-fwz1.mail.ru/tracker?js=13;id=2771150;u=http%3A//news.tut.by/world/518068.html;r=http%3A//www.tut.by/%3Fcrnd%3D57461;s=1280*1024;vp=1264*933;touch=0;hds=1;flash=22.0;sid=5c03cac3;ver=60;_=0.6138089032841536;e=CE%3A2/t1%3B/world/518068.html%3Bdesktop HTTP/1.1" 200 463 "HTTP" ""
192.168.1.29 - ִףבנמגסךטי [31/Oct/2016:08:41:17 +0300] "GET http://top-fwz1.mail.ru/tracker?js=13;id=2771150;u=http%3A//news.tut.by/world/518068.html;r=http%3A//www.tut.by/%3Fcrnd%3D57461;s=1280*1024;vp=1264*933;touch=0;hds=1;flash=22.0;sid=5c03cac3;ver=60;_=0.9015125007133642;e=CE%3A2/t1%3B/world/518068.html%3Bdesktop HTTP/1.1" 200 463 "HTTP" ""
192.168.1.18 - ֱ‏הזוע_502 [31/Oct/2016:08:41:20 +0300] "CONNECT safebrowsing.google.com:443 HTTP/1.1" 200 0 "HTTPS" "outgoing via 192.168.1.2"
192.168.1.18 - ֱ‏הזוע_502 [31/Oct/2016:08:41:21 +0300] "CONNECT safebrowsing-cache.google.com:443 HTTP/1.1" 200 0 "HTTPS" "outgoing via 192.168.1.2"
192.168.1.29 - ִףבנמגסךטי [31/Oct/2016:08:41:22 +0300] "GET http://top-fwz1.mail.ru/tracker?js=13;id=2771150;u=http%3A//news.tut.by/world/518068.html;r=http%3A//www.tut.by/%3Fcrnd%3D57461;s=1280*1024;vp=1264*933;touch=0;hds=1;flash=22.0;sid=5c03cac3;ver=60;_=0.9456289661465591;e=CE%3A2/t1%3B/world/518068.html%3Bdesktop HTTP/1.1" 200 463 "HTTP" ""
192.168.1.29 - ִףבנמגסךטי [31/Oct/2016:08:41:27 +0300] "GET http://top-fwz1.mail.ru/tracker?js=13;id=2771150;u=http%3A//news.tut.by/world/518068.html;r=http%3A//www.tut.by/%3Fcrnd%3D57461;s=1280*1024;vp=1264*933;touch=0;hds=1;flash=22.0;sid=5c03cac3;ver=60;_=0.06813774847782206;e=CE%3A2/t1%3B/world/518068.html%3Bdesktop HTTP/1.1" 200 463 "HTTP" ""
192.168.1.29 - ִףבנמגסךטי [31/Oct/2016:08:41:32 +0300] "GET http://top-fwz1.mail.ru/tracker?js=13;id=2771150;u=http%3A//news.tut.by/world/518068.html;r=http%3A//www.tut.by/%3Fcrnd%3D57461;s=1280*1024;vp=1264*933;touch=0;hds=1;flash=22.0;sid=5c03cac3;ver=60;_=0.405492007695043;e=CE%3A2/t1%3B/world/518068.html%3Bdesktop HTTP/1.1" 200 463 "HTTP" ""
192.168.1.24 - ִמץמה_604 [31/Oct/2016:08:41:34 +0300] "CONNECT safebrowsing.google.com:443 HTTP/1.1" 200 0 "HTTPS" "outgoing via 192.168.1.2"
192.168.1.24 - ִמץמה_604 [31/Oct/2016:08:41:35 +0300] "CONNECT tiles.services.mozilla.com:443 HTTP/1.1" 200 0 "HTTPS" "outgoing via 192.168.1.2"
192.168.1.24 - ִמץמה_604 [31/Oct/2016:08:41:35 +0300] "CONNECT snippets.cdn.mozilla.net:443 HTTP/1.1" 200 0 "HTTPS" "outgoing via 192.168.1.2"
192.168.1.24 - ִמץמה_604 [31/Oct/2016:08:41:35 +0300] "CONNECT search.services.mozilla.com:443 HTTP/1.1" 200 0 "HTTPS" "outgoing via 192.168.1.2"
192.168.1.24 - ִמץמה_604 [31/Oct/2016:08:41:35 +0300] "CONNECT self-repair.mozilla.org:443 HTTP/1.1" 200 0 "HTTPS" "outgoing via 192.168.1.2"
192.168.1.29 - ִףבנמגסךטי [31/Oct/2016:08:41:37 +0300] "GET http://top-fwz1.mail.ru/tracker?js=13;id=2771150;u=http%3A//news.tut.by/world/518068.html;r=http%3A//www.tut.by/%3Fcrnd%3D57461;s=1280*1024;vp=1264*933;touch=0;hds=1;flash=22.0;sid=5c03cac3;ver=60;_=0.2028514401277055;e=CE%3A2/t1%3B/world/518068.html%3Bdesktop HTTP/1.1" 200 463 "HTTP" ""
192.168.1.29 - ִףבנמגסךטי [31/Oct/2016:08:41:42 +0300] "GET http://top-fwz1.mail.ru/tracker?js=13;id=2771150;u=http%3A//news.tut.by/world/518068.html;r=http%3A//www.tut.by/%3Fcrnd%3D57461;s=1280*1024;vp=1264*933;touch=0;hds=1;flash=22.0;sid=5c03cac3;ver=60;_=0.2952368286839784;e=CE%3A2/t1%3B/world/518068.html%3Bdesktop HTTP/1.1" 200 463 "HTTP" ""
192.168.1.29 - ִףבנמגסךטי [31/Oct/2016:08:41:47 +0300] "GET http://top-fwz1.mail.ru/tracker?js=13;id=2771150;u=http%3A//news.tut.by/world/518068.html;r=http%3A//www.tut.by/%3Fcrnd%3D57461;s=1280*1024;vp=1264*933;touch=0;hds=1;flash=22.0;sid=5c03cac3;ver=60;_=0.3681494953785771;e=CE%3A2/t1%3B/world/518068.html%3Bdesktop HTTP/1.1" 200 463 "HTTP" ""
192.168.1.24 - ִמץמה_604 [31/Oct/2016:08:41:47 +0300] "POST http://ocsp.digicert.com/ HTTP/1.1" 200 788 "HTTP" ""
192.168.1.24 - ִמץמה_604 [31/Oct/2016:08:41:50 +0300] "CONNECT shavar.services.mozilla.com:443 HTTP/1.1" 200 0 "HTTPS" "outgoing via 192.168.1.2"
192.168.1.24 - ִמץמה_604 [31/Oct/2016:08:41:51 +0300] "CONNECT self-repair.mozilla.org:443 HTTP/1.1" 200 0 "HTTPS" "outgoing via 192.168.1.2"
192.168.1.29 - ִףבנמגסךטי [31/Oct/2016:08:41:52 +0300] "GET http://top-fwz1.mail.ru/tracker?js=13;id=2771150;u=http%3A//news.tut.by/world/518068.html;r=http%3A//www.tut.by/%3Fcrnd%3D57461;s=1280*1024;vp=1264*933;touch=0;hds=1;flash=22.0;sid=5c03cac3;ver=60;_=0.2730150670079612;e=CE%3A2/t1%3B/world/518068.html%3Bdesktop HTTP/1.1" 200 463 "HTTP" ""
192.168.1.18 - ֱ‏הזוע_502 [31/Oct/2016:08:41:55 +0300] "CONNECT mail.grodno.by:110" 200 0 "MAP" "TCP"
192.168.1.24 - ִמץמה_604 [31/Oct/2016:08:41:56 +0300] "POST http://ocsp.digicert.com/ HTTP/1.1" 200 788 "HTTP" ""
192.168.1.29 - ִףבנמגסךטי [31/Oct/2016:08:41:57 +0300] "GET http://top-fwz1.mail.ru/tracker?js=13;id=2771150;u=http%3A//news.tut.by/world/518068.html;r=http%3A//www.tut.by/%3Fcrnd%3D57461;s=1280*1024;vp=1264*933;touch=0;hds=1;flash=22.0;sid=5c03cac3;ver=60;_=0.5776215140061081;e=CE%3A2/t1%3B/world/518068.html%3Bdesktop HTTP/1.1" 200 463 "HTTP" ""
192.168.1.29 - ִףבנמגסךטי [31/Oct/2016:08:42:02 +0300] "GET http://top-fwz1.mail.ru/tracker?js=13;id=2771150;u=http%3A//news.tut.by/world/518068.html;r=http%3A//www.tut.by/%3Fcrnd%3D57461;s=1280*1024;vp=1264*933;touch=0;hds=1;flash=22.0;sid=5c03cac3;ver=60;_=0.9182677251806426;e=CE%3A2/t1%3B/world/518068.html%3Bdesktop HTTP/1.1" 200 463 "HTTP" ""
192.168.1.29 - ִףבנמגסךטי [31/Oct/2016:08:42:07 +0300] "GET http://top-fwz1.mail.ru/tracker?js=13;id=2771150;u=http%3A//news.tut.by/world/518068.html;r=http%3A//www.tut.by/%3Fcrnd%3D57461;s=1280*1024;vp=1264*933;touch=0;hds=1;flash=22.0;sid=5c03cac3;ver=60;_=0.2529122296785522;e=CE%3A2/t1%3B/world/518068.html%3Bdesktop HTTP/1.1" 200 463 "HTTP" ""
192.168.1.24 - ִמץמה_604 [31/Oct/2016:08:42:11 +0300] "POST http://ocsp.digicert.com/ HTTP/1.1" 200 788 "HTTP" ""
192.168.1.29 - ִףבנמגסךטי [31/Oct/2016:08:42:12 +0300] "GET http://top-fwz1.mail.ru/tracker?js=13;id=2771150;u=http%3A//news.tut.by/world/518068.html;r=http%3A//www.tut.by/%3Fcrnd%3D57461;s=1280*1024;vp=1264*933;touch=0;hds=1;flash=22.0;sid=5c03cac3;ver=60;_=0.05160751940853525;e=CE%3A2/t1%3B/world/518068.html%3Bdesktop HTTP/1.1" 200 463 "HTTP" ""
192.168.1.29 - ִףבנמגסךטי [31/Oct/2016:08:42:17 +0300] "GET http://top-fwz1.mail.ru/tracker?js=13;id=2771150;u=http%3A//news.tut.by/world/518068.html;r=http%3A//www.tut.by/%3Fcrnd%3D57461;s=1280*1024;vp=1264*933;touch=0;hds=1;flash=22.0;sid=5c03cac3;ver=60;_=0.33817816730643924;e=CE%3A2/t1%3B/world/518068.html%3Bdesktop HTTP/1.1" 200 463 "HTTP" ""
192.168.1.24 - ִמץמה_604 [31/Oct/2016:08:42:21 +0300] "CONNECT incoming.telemetry.mozilla.org:443 HTTP/1.1" 200 0 "HTTPS" "outgoing via 192.168.1.2"
192.168.1.29 - ִףבנמגסךטי [31/Oct/2016:08:42:22 +0300] "GET http://top-fwz1.mail.ru/tracker?js=13;id=2771150;u=http%3A//news.tut.by/world/518068.html;r=http%3A//www.tut.by/%3Fcrnd%3D57461;s=1280*1024;vp=1264*933;touch=0;hds=1;flash=22.0;sid=5c03cac3;ver=60;_=0.524624506182837;e=CE%3A2/t1%3B/world/518068.html%3Bdesktop HTTP/1.1" 200 463 "HTTP" ""
192.168.1.24 - ִמץמה_604 [31/Oct/2016:08:42:24 +0300] "CONNECT aus5.mozilla.org:443 HTTP/1.1" 200 0 "HTTPS" "outgoing via 192.168.1.2"
192.168.1.29 - ִףבנמגסךטי [31/Oct/2016:08:42:27 +0300] "GET http://top-fwz1.mail.ru/tracker?js=13;id=2771150;u=http%3A//news.tut.by/world/518068.html;r=http%3A//www.tut.by/%3Fcrnd%3D57461;s=1280*1024;vp=1264*933;touch=0;hds=1;flash=22.0;sid=5c03cac3;ver=60;_=0.11223162141816512;e=CE%3A2/t1%3B/world/518068.html%3Bdesktop HTTP/1.1" 200 463 "HTTP" ""
192.168.1.18 - ֱ‏הזוע_502 [31/Oct/2016:08:42:27 +0300] "CONNECT mail-01-sh.hoster.by:995" 200 0 "MAP" "TCP"
192.168.1.24 - ִמץמה_604 [31/Oct/2016:08:42:29 +0300] "POST http://ocsp.digicert.com/ HTTP/1.1" 200 788 "HTTP" ""
192.168.1.29 - ִףבנמגסךטי [31/Oct/2016:08:42:32 +0300] "GET http://top-fwz1.mail.ru/tracker?js=13;id=2771150;u=http%3A//news.tut.by/world/518068.html;r=http%3A//www.tut.by/%3Fcrnd%3D57461;s=1280*1024;vp=1264*933;touch=0;hds=1;flash=22.0;sid=5c03cac3;ver=60;_=0.03172139209428937;e=CE%3A2/t1%3B/world/518068.html%3Bdesktop HTTP/1.1" 200 463 "HTTP" ""
192.168.1.29 - ִףבנמגסךטי [31/Oct/2016:08:42:37 +0300] "GET http://top-fwz1.mail.ru/tracker?js=13;id=2771150;u=http%3A//news.tut.by/world/518068.html;r=http%3A//www.tut.by/%3Fcrnd%3D57461;s=1280*1024;vp=1264*933;touch=0;hds=1;flash=22.0;sid=5c03cac3;ver=60;_=0.748662605832541;e=CE%3A2/t1%3B/world/518068.html%3Bdesktop HTTP/1.1" 200 463 "HTTP" ""
192.168.1.29 - ִףבנמגסךטי [31/Oct/2016:08:42:42 +0300] "GET http://top-fwz1.mail.ru/tracker?js=13;id=2771150;u=http%3A//news.tut.by/world/518068.html;r=http%3A//www.tut.by/%3Fcrnd%3D57461;s=1280*1024;vp=1264*933;touch=0;hds=1;flash=22.0;sid=5c03cac3;ver=60;_=0.8982121564653991;e=CE%3A2/t1%3B/world/518068.html%3Bdesktop HTTP/1.1" 200 463 "HTTP" ""
192.168.1.24 - ִמץמה_604 [31/Oct/2016:08:42:45 +0300] "POST http://ocsp.digicert.com/ HTTP/1.1" 200 788 "HTTP" ""
192.168.1.29 - ִףבנמגסךטי [31/Oct/2016:08:42:47 +0300] "GET http://top-fwz1.mail.ru/tracker?js=13;id=2771150;u=http%3A//news.tut.by/world/518068.html;r=http%3A//www.tut.by/%3Fcrnd%3D57461;s=1280*1024;vp=1264*933;touch=0;hds=1;flash=22.0;sid=5c03cac3;ver=60;_=0.28798279421134154;e=CE%3A2/t1%3B/world/518068.html%3Bdesktop HTTP/1.1" 200 463 "HTTP" ""
192.168.1.24 - ִמץמה_604 [31/Oct/2016:08:42:49 +0300] "CONNECT safebrowsing.google.com:443 HTTP/1.1" 200 0 "HTTPS" "outgoing via 192.168.1.2"
192.168.1.24 - ִמץמה_604 [31/Oct/2016:08:42:49 +0300] "CONNECT safebrowsing-cache.google.com:443 HTTP/1.1" 200 0 "HTTPS" "outgoing via 192.168.1.2"
192.168.1.29 - ִףבנמגסךטי [31/Oct/2016:08:42:52 +0300] "GET http://top-fwz1.mail.ru/tracker?js=13;id=2771150;u=http%3A//news.tut.by/world/518068.html;r=http%3A//www.tut.by/%3Fcrnd%3D57461;s=1280*1024;vp=1264*933;touch=0;hds=1;flash=22.0;sid=5c03cac3;ver=60;_=0.7057855439591609;e=CE%3A2/t1%3B/world/518068.html%3Bdesktop HTTP/1.1" 200 463 "HTTP" ""
192.168.1.29 - ִףבנמגסךטי [31/Oct/2016:08:42:57 +0300] "GET http://top-fwz1.mail.ru/tracker?js=13;id=2771150;u=http%3A//news.tut.by/world/518068.html;r=http%3A//www.tut.by/%3Fcrnd%3D57461;s=1280*1024;vp=1264*933;touch=0;hds=1;flash=22.0;sid=5c03cac3;ver=60;_=0.19307150714721555;e=CE%3A2/t1%3B/world/518068.html%3Bdesktop HTTP/1.1" 200 463 "HTTP" ""
192.168.1.29 - ִףבנמגסךטי [31/Oct/2016:08:43:02 +0300] "GET http://top-fwz1.mail.ru/tracker?js=13;id=2771150;u=http%3A//news.tut.by/world/518068.html;r=http%3A//www.tut.by/%3Fcrnd%3D57461;s=1280*1024;vp=1264*933;touch=0;hds=1;flash=22.0;sid=5c03cac3;ver=60;_=0.7623065393576387;e=CE%3A2/t1%3B/world/518068.html%3Bdesktop HTTP/1.1" 200 463 "HTTP" ""
192.168.1.29 - ִףבנמגסךטי [31/Oct/2016:08:43:07 +0300] "GET http://top-fwz1.mail.ru/tracker?js=13;id=2771150;u=http%3A//news.tut.by/world/518068.html;r=http%3A//www.tut.by/%3Fcrnd%3D57461;s=1280*1024;vp=1264*933;touch=0;hds=1;flash=22.0;sid=5c03cac3;ver=60;_=0.38001454933251866;e=CE%3A2/t1%3B/world/518068.html%3Bdesktop HTTP/1.1" 200 463 "HTTP" ""
192.168.1.29 - ִףבנמגסךטי [31/Oct/2016:08:43:12 +0300] "GET http://top-fwz1.mail.ru/tracker?js=13;id=2771150;u=http%3A//news.tut.by/world/518068.html;r=http%3A//www.tut.by/%3Fcrnd%3D57461;s=1280*1024;vp=1264*933;touch=0;hds=1;flash=22.0;sid=5c03cac3;ver=60;_=0.8984652196205916;e=CE%3A2/t1%3B/world/518068.html%3Bdesktop HTTP/1.1" 200 463 "HTTP" ""
192.168.1.29 - ִףבנמגסךטי [31/Oct/2016:08:43:17 +0300] "GET http://top-fwz1.mail.ru/tracker?js=13;id=2771150;u=http%3A//news.tut.by/world/518068.html;r=http%3A//www.tut.by/%3Fcrnd%3D57461;s=1280*1024;vp=1264*933;touch=0;hds=1;flash=22.0;sid=5c03cac3;ver=60;_=0.16033763501703424;e=CE%3A2/t1%3B/world/518068.html%3Bdesktop HTTP/1.1" 200 463 "HTTP" ""
192.168.1.29 - ִףבנמגסךטי [31/Oct/2016:08:43:22 +0300] "GET http://top-fwz1.mail.ru/tracker?js=13;id=2771150;u=http%3A//news.tut.by/world/518068.html;r=http%3A//www.tut.by/%3Fcrnd%3D57461;s=1280*1024;vp=1264*933;touch=0;hds=1;flash=22.0;sid=5c03cac3;ver=60;_=0.6780444777004737;e=CE%3A2/t1%3B/world/518068.html%3Bdesktop HTTP/1.1" 200 463 "HTTP" ""
192.168.1.29 - ִףבנמגסךטי [31/Oct/2016:08:43:27 +0300] "GET http://top-fwz1.mail.ru/tracker?js=13;id=2771150;u=http%3A//news.tut.by/world/518068.html;r=http%3A//www.tut.by/%3Fcrnd%3D57461;s=1280*1024;vp=1264*933;touch=0;hds=1;flash=22.0;sid=5c03cac3;ver=60;_=0.09356837708447552;e=CE%3A2/t1%3B/world/518068.html%3Bdesktop HTTP/1.1" 200 463 "HTTP" ""
192.168.1.29 - ִףבנמגסךטי [31/Oct/2016:08:43:32 +0300] "GET http://top-fwz1.mail.ru/tracker?js=13;id=2771150;u=http%3A//news.tut.by/world/518068.html;r=http%3A//www.tut.by/%3Fcrnd%3D57461;s=1280*1024;vp=1264*933;touch=0;hds=1;flash=22.0;sid=5c03cac3;ver=60;_=0.11292270314856379;e=CE%3A2/t1%3B/world/518068.html%3Bdesktop HTTP/1.1" 200 463 "HTTP" ""
192.168.1.29 - ִףבנמגסךטי [31/Oct/2016:08:43:37 +0300] "GET http://top-fwz1.mail.ru/tracker?js=13;id=2771150;u=http%3A//news.tut.by/world/518068.html;r=http%3A//www.tut.by/%3Fcrnd%3D57461;s=1280*1024;vp=1264*933;touch=0;hds=1;flash=22.0;sid=5c03cac3;ver=60;_=0.8370701953435724;e=CE%3A2/t1%3B/world/518068.html%3Bdesktop HTTP/1.1" 200 463 "HTTP" ""
192.168.1.29 - ִףבנמגסךטי [31/Oct/2016:08:43:42 +0300] "GET http://top-fwz1.mail.ru/tracker?js=13;id=2771150;u=http%3A//news.tut.by/world/518068.html;r=http%3A//www.tut.by/%3Fcrnd%3D57461;s=1280*1024;vp=1264*933;touch=0;hds=1;flash=22.0;sid=5c03cac3;ver=60;_=0.9950648507930553;e=CE%3A2/t1%3B/world/518068.html%3Bdesktop HTTP/1.1" 200 463 "HTTP" ""
192.168.1.29 - ִףבנמגסךטי [31/Oct/2016:08:43:47 +0300] "GET http://top-fwz1.mail.ru/tracker?js=13;id=2771150;u=http%3A//news.tut.by/world/518068.html;r=http%3A//www.tut.by/%3Fcrnd%3D57461;s=1280*1024;vp=1264*933;touch=0;hds=1;flash=22.0;sid=5c03cac3;ver=60;_=0.4168118364510496;e=CE%3A2/t1%3B/world/518068.html%3Bdesktop HTTP/1.1" 200 463 "HTTP" ""
192.168.1.29 - ִףבנמגסךטי [31/Oct/2016:08:43:52 +0300] "GET http://top-fwz1.mail.ru/tracker?js=13;id=2771150;u=http%3A//news.tut.by/world/518068.html;r=http%3A//www.tut.by/%3Fcrnd%3D57461;s=1280*1024;vp=1264*933;touch=0;hds=1;flash=22.0;sid=5c03cac3;ver=60;_=0.35543134024776424;e=CE%3A2/t1%3B/world/518068.html%3Bdesktop HTTP/1.1" 200 463 "HTTP" ""
192.168.1.29 - ִףבנמגסךטי [31/Oct/2016:08:43:57 +0300] "GET http://top-fwz1.mail.ru/tracker?js=13;id=2771150;u=http%3A//news.tut.by/world/518068.html;r=http%3A//www.tut.by/%3Fcrnd%3D57461;s=1280*1024;vp=1264*933;touch=0;hds=1;flash=22.0;sid=5c03cac3;ver=60;_=0.5922891407220481;e=CE%3A2/t1%3B/world/518068.html%3Bdesktop HTTP/1.1" 200 463 "HTTP" ""
192.168.1.29 - ִףבנמגסךטי [31/Oct/2016:08:44:02 +0300] "GET http://top-fwz1.mail.ru/tracker?js=13;id=2771150;u=http%3A//news.tut.by/world/518068.html;r=http%3A//www.tut.by/%3Fcrnd%3D57461;s=1280*1024;vp=1264*933;touch=0;hds=1;flash=22.0;sid=5c03cac3;ver=60;_=0.5528768906025148;e=CE%3A2/t1%3B/world/518068.html%3Bdesktop HTTP/1.1" 200 463 "HTTP" ""
192.168.1.29 - ִףבנמגסךטי [31/Oct/2016:08:44:07 +0300] "GET http://top-fwz1.mail.ru/tracker?js=13;id=2771150;u=http%3A//news.tut.by/world/518068.html;r=http%3A//www.tut.by/%3Fcrnd%3D57461;s=1280*1024;vp=1264*933;touch=0;hds=1;flash=22.0;sid=5c03cac3;ver=60;_=0.38828060740626835;e=CE%3A2/t1%3B/world/518068.html%3Bdesktop HTTP/1.1" 200 463 "HTTP" ""
192.168.1.29 - ִףבנמגסךטי [31/Oct/2016:08:44:12 +0300] "GET http://top-fwz1.mail.ru/tracker?js=13;id=2771150;u=http%3A//news.tut.by/world/518068.html;r=http%3A//www.tut.by/%3Fcrnd%3D57461;s=1280*1024;vp=1264*933;touch=0;hds=1;flash=22.0;sid=5c03cac3;ver=60;_=0.3175054671415951;e=CE%3A2/t1%3B/world/518068.html%3Bdesktop HTTP/1.1" 200 463 "HTTP" ""
192.168.1.18 - ֱ‏הזוע_502 [31/Oct/2016:08:44:13 +0300] "GET http://data.amigo.mail.ru/force_update_policy.amg?ver=47.5.2526.115&kind=amigo&BID={A5619007-122A-4938-9037-6076D181810E}&wi=1&attr=mnprff&ds=m&rfr=821292&type=force_update_policy&agent_install=1&mem=151&brw=0&tbn=0 HTTP/1.1" 200 3805 "HTTP" ""
192.168.1.29 - ִףבנמגסךטי [31/Oct/2016:08:44:17 +0300] "GET http://top-fwz1.mail.ru/tracker?js=13;id=2771150;u=http%3A//news.tut.by/world/518068.html;r=http%3A//www.tut.by/%3Fcrnd%3D57461;s=1280*1024;vp=1264*933;touch=0;hds=1;flash=22.0;sid=5c03cac3;ver=60;_=0.7564156845451269;e=CE%3A2/t1%3B/world/518068.html%3Bdesktop HTTP/1.1" 200 463 "HTTP" ""
192.168.1.29 - ִףבנמגסךטי [31/Oct/2016:08:44:22 +0300] "GET http://top-fwz1.mail.ru/tracker?js=13;id=2771150;u=http%3A//news.tut.by/world/518068.html;r=http%3A//www.tut.by/%3Fcrnd%3D57461;s=1280*1024;vp=1264*933;touch=0;hds=1;flash=22.0;sid=5c03cac3;ver=60;_=0.5297651306860003;e=CE%3A2/t1%3B/world/518068.html%3Bdesktop HTTP/1.1" 200 463 "HTTP" ""
192.168.1.29 - ִףבנמגסךטי [31/Oct/2016:08:44:27 +0300] "GET http://top-fwz1.mail.ru/tracker?js=13;id=2771150;u=http%3A//news.tut.by/world/518068.html;r=http%3A//www.tut.by/%3Fcrnd%3D57461;s=1280*1024;vp=1264*933;touch=0;hds=1;flash=22.0;sid=5c03cac3;ver=60;_=0.1026820959095891;e=CE%3A2/t1%3B/world/518068.html%3Bdesktop HTTP/1.1" 200 463 "HTTP" ""
192.168.1.29 - ִףבנמגסךטי [31/Oct/2016:08:44:32 +0300] "GET http://top-fwz1.mail.ru/tracker?js=13;id=2771150;u=http%3A//news.tut.by/world/518068.html;r=http%3A//www.tut.by/%3Fcrnd%3D57461;s=1280*1024;vp=1264*933;touch=0;hds=1;flash=22.0;sid=5c03cac3;ver=60;_=0.5992929150795687;e=CE%3A2/t1%3B/world/518068.html%3Bdesktop HTTP/1.1" 200 463 "HTTP" ""
192.168.1.29 - ִףבנמגסךטי [31/Oct/2016:08:44:37 +0300] "GET http://top-fwz1.mail.ru/tracker?js=13;id=2771150;u=http%3A//news.tut.by/world/518068.html;r=http%3A//www.tut.by/%3Fcrnd%3D57461;s=1280*1024;vp=1264*933;touch=0;hds=1;flash=22.0;sid=5c03cac3;ver=60;_=0.8480270314577008;e=CE%3A2/t1%3B/world/518068.html%3Bdesktop HTTP/1.1" 200 463 "HTTP" ""
192.168.1.29 - ִףבנמגסךטי [31/Oct/2016:08:44:42 +0300] "GET http://top-fwz1.mail.ru/tracker?js=13;id=2771150;u=http%3A//news.tut.by/world/518068.html;r=http%3A//www.tut.by/%3Fcrnd%3D57461;s=1280*1024;vp=1264*933;touch=0;hds=1;flash=22.0;sid=5c03cac3;ver=60;_=0.6058471795765072;e=CE%3A2/t1%3B/world/518068.html%3Bdesktop HTTP/1.1" 200 463 "HTTP" ""
192.168.1.29 - ִףבנמגסךטי [31/Oct/2016:08:44:47 +0300] "GET http://top-fwz1.mail.ru/tracker?js=13;id=2771150;u=http%3A//news.tut.by/world/518068.html;r=http%3A//www.tut.by/%3Fcrnd%3D57461;s=1280*1024;vp=1264*933;touch=0;hds=1;flash=22.0;sid=5c03cac3;ver=60;_=0.596606682686166;e=CE%3A2/t1%3B/world/518068.html%3Bdesktop HTTP/1.1" 200 463 "HTTP" ""
192.168.1.29 - ִףבנמגסךטי [31/Oct/2016:08:44:52 +0300] "GET http://top-fwz1.mail.ru/tracker?js=13;id=2771150;u=http%3A//news.tut.by/world/518068.html;r=http%3A//www.tut.by/%3Fcrnd%3D57461;s=1280*1024;vp=1264*933;touch=0;hds=1;flash=22.0;sid=5c03cac3;ver=60;_=0.5053674580857146;e=CE%3A2/t1%3B/world/518068.html%3Bdesktop HTTP/1.1" 200 463 "HTTP" ""
192.168.1.29 - ִףבנמגסךטי [31/Oct/2016:08:44:57 +0300] "GET http://top-fwz1.mail.ru/tracker?js=13;id=2771150;u=http%3A//news.tut.by/world/518068.html;r=http%3A//www.tut.by/%3Fcrnd%3D57461;s=1280*1024;vp=1264*933;touch=0;hds=1;flash=22.0;sid=5c03cac3;ver=60;_=0.3286713658975302;e=CE%3A2/t1%3B/world/518068.html%3Bdesktop HTTP/1.1" 200 463 "HTTP" ""
192.168.1.29 - ִףבנמגסךטי [31/Oct/2016:08:45:02 +0300] "GET http://top-fwz1.mail.ru/tracker?js=13;id=2771150;u=http%3A//news.tut.by/world/518068.html;r=http%3A//www.tut.by/%3Fcrnd%3D57461;s=1280*1024;vp=1264*933;touch=0;hds=1;flash=22.0;sid=5c03cac3;ver=60;_=0.31476558351967143;e=CE%3A2/t1%3B/world/518068.html%3Bdesktop HTTP/1.1" 200 463 "HTTP" ""
192.168.1.24 - ִמץמה_604 [31/Oct/2016:08:45:03 +0300] "GET http://myfin.by/ HTTP/1.1" 200 25743 "HTTP" ""
192.168.1.24 - ִמץמה_604 [31/Oct/2016:08:45:05 +0300] "GET http://myfin.by/images/article_img/1477579734shumskiy.jpg HTTP/1.1" 200 115490 "HTTP" ""
192.168.1.24 - ִמץמה_604 [31/Oct/2016:08:45:05 +0300] "GET http://myfin.by/images/article_img/thumbs/1477859225grafik.jpg HTTP/1.1" 200 46095 "HTTP" ""
192.168.1.24 - ִמץמה_604 [31/Oct/2016:08:45:05 +0300] "GET http://myfin.by/images/article_img/thumbs/1477691970robot.jpg HTTP/1.1" 200 45883 "HTTP" ""
192.168.1.24 - ִמץמה_604 [31/Oct/2016:08:45:06 +0300] "GET http://myfin.by/images/article_img/thumbs/1477579734shumskiy.jpg HTTP/1.1" 200 40619 "HTTP" ""
192.168.1.24 - ִמץמה_604 [31/Oct/2016:08:45:07 +0300] "GET http://myfin.by/images/robot-sm.jpg HTTP/1.1" 200 6988 "HTTP" ""
192.168.1.29 - ִףבנמגסךטי [31/Oct/2016:08:45:07 +0300] "GET http://top-fwz1.mail.ru/tracker?js=13;id=2771150;u=http%3A//news.tut.by/world/518068.html;r=http%3A//www.tut.by/%3Fcrnd%3D57461;s=1280*1024;vp=1264*933;touch=0;hds=1;flash=22.0;sid=5c03cac3;ver=60;_=0.25620807639013643;e=CE%3A2/t1%3B/world/518068.html%3Bdesktop HTTP/1.1" 200 463 "HTTP" ""
192.168.1.24 - ִמץמה_604 [31/Oct/2016:08:45:08 +0300] "GET http://ads.adfox.ru/239538/prepareCode?p1=buuia&p2=y&pk=0&pct=a&pfc=a&pfb=a&plp=a&pli=a&pop=a&pr=3496519346&pt=b&pd=31&pw=1&pv=8&prr=&puid1=&puid2=&puid3=&puid4=&puid6=&puid8=&puid11=&puid12=&puid21=&puid22=&puid27=&puid33=&puid51=&puid52=&dl=http%3A%2F%2Fmyfin.by%2F&pr1=588886090 HTTP/1.1" 200 1609 "HTTP" ""
192.168.1.24 - ִמץמה_604 [31/Oct/2016:08:45:09 +0300] "GET http://ads.adfox.ru/239538/prepareCode?p1=buoxq&p2=fgou&pk=0&pct=a&pfc=a&pfb=a&plp=a&pli=a&pop=a&pr=3496519346&pt=b&pd=31&pw=1&pv=8&prr=&puid1=&puid2=&puid3=&puid4=&puid6=&puid8=&puid11=&puid12=&puid21=&puid22=&puid27=&puid33=&dl=http%3A%2F%2Fmyfin.by%2F&pr1=4097167654 HTTP/1.1" 200 1610 "HTTP" ""
192.168.1.24 - ִמץמה_604 [31/Oct/2016:08:45:11 +0300] "GET http://rtax.criteo.com/delivery/rta/rta.js?netId=5048&cookieName=dgtlby_rta&rnd=84335889936&varName=dgtlby_content HTTP/1.1" 200 2678 "HTTP" ""
192.168.1.29 - ִףבנמגסךטי [31/Oct/2016:08:45:12 +0300] "GET http://top-fwz1.mail.ru/tracker?js=13;id=2771150;u=http%3A//news.tut.by/world/518068.html;r=http%3A//www.tut.by/%3Fcrnd%3D57461;s=1280*1024;vp=1264*933;touch=0;hds=1;flash=22.0;sid=5c03cac3;ver=60;_=0.3543141204752216;e=CE%3A2/t1%3B/world/518068.html%3Bdesktop HTTP/1.1" 200 463 "HTTP" ""
192.168.1.24 - ִמץמה_604 [31/Oct/2016:08:45:12 +0300] "GET http://myfin.by/ajax/siteRatingRender HTTP/1.1" 200 709 "HTTP" ""
192.168.1.24 - ִמץמה_604 [31/Oct/2016:08:45:12 +0300] "GET http://myfin.by/pushMessage/ HTTP/1.1" 200 1857 "HTTP" ""
192.168.1.24 - ִמץמה_604 [31/Oct/2016:08:45:12 +0300] "GET http://myfin.by/css/fonts/roboto-medium.woff HTTP/1.1" 200 43783 "HTTP" ""
192.168.1.24 - ִמץמה_604 [31/Oct/2016:08:45:13 +0300] "CONNECT mc.yandex.ru:443 HTTP/1.1" 200 0 "HTTPS" "outgoing via 192.168.1.2"
192.168.1.24 - ִמץמה_604 [31/Oct/2016:08:45:13 +0300] "GET http://www.googletagservices.com/tag/js/gpt.js HTTP/1.1" 200 116 "HTTP" ""
192.168.1.24 - ִמץמה_604 [31/Oct/2016:08:45:13 +0300] "CONNECT www.google-analytics.com:443 HTTP/1.1" 200 0 "HTTPS" "outgoing via 192.168.1.2"
192.168.1.24 - ִמץמה_604 [31/Oct/2016:08:45:13 +0300] "GET http://myfin.by/css/fonts/roboto-bold.woff HTTP/1.1" 200 86803 "HTTP" ""
192.168.1.24 - ִמץמה_604 [31/Oct/2016:08:45:14 +0300] "GET http://counter.yadro.ru/hit?t38.6;r;s1366*768*24;uhttp%3A//myfin.by/;0.7310905459257057 HTTP/1.1" 200 666 "HTTP" ""
192.168.1.24 - ִמץמה_604 [31/Oct/2016:08:45:14 +0300] "CONNECT mail.ru:443 HTTP/1.1" 200 0 "HTTPS" "outgoing via 192.168.1.2"
192.168.1.24 - ִמץמה_604 [31/Oct/2016:08:45:15 +0300] "GET http://gaby.hit.gemius.pl/xgemius.js HTTP/1.1" 200 287 "HTTP" ""
192.168.1.24 - ִמץמה_604 [31/Oct/2016:08:45:16 +0300] "GET http://myfin.by/css/fonts/sprite.woff HTTP/1.1" 200 2882 "HTTP" ""
192.168.1.24 - ִמץמה_604 [31/Oct/2016:08:45:16 +0300] "GET http://www.nalog.gov.by/ HTTP/1.1" 200 486 "HTTP" ""
192.168.1.24 - ִמץמה_604 [31/Oct/2016:08:45:16 +0300] "CONNECT an.yandex.ru:443 HTTP/1.1" 200 0 "HTTPS" "outgoing via 192.168.1.2"
192.168.1.24 - ִמץמה_604 [31/Oct/2016:08:45:16 +0300] "CONNECT securepubads.g.doubleclick.net:443 HTTP/1.1" 200 0 "HTTPS" "outgoing via 192.168.1.2"
192.168.1.24 - ִמץמה_604 [31/Oct/2016:08:45:16 +0300] "CONNECT securepubads.g.doubleclick.net:443 HTTP/1.1" 200 0 "HTTPS" "outgoing via 192.168.1.2"
192.168.1.29 - ִףבנמגסךטי [31/Oct/2016:08:45:17 +0300] "GET http://top-fwz1.mail.ru/tracker?js=13;id=2771150;u=http%3A//news.tut.by/world/518068.html;r=http%3A//www.tut.by/%3Fcrnd%3D57461;s=1280*1024;vp=1264*933;touch=0;hds=1;flash=22.0;sid=5c03cac3;ver=60;_=0.2097587102545866;e=CE%3A2/t1%3B/world/518068.html%3Bdesktop HTTP/1.1" 200 463 "HTTP" ""
192.168.1.24 - ִמץמה_604 [31/Oct/2016:08:45:21 +0300] "CONNECT mc.yandex.by:443 HTTP/1.1" 200 0 "HTTPS" "outgoing via 192.168.1.2"
192.168.1.29 - ִףבנמגסךטי [31/Oct/2016:08:45:22 +0300] "GET http://top-fwz1.mail.ru/tracker?js=13;id=2771150;u=http%3A//news.tut.by/world/518068.html;r=http%3A//www.tut.by/%3Fcrnd%3D57461;s=1280*1024;vp=1264*933;touch=0;hds=1;flash=22.0;sid=5c03cac3;ver=60;_=0.10853589877169512;e=CE%3A2/t1%3B/world/518068.html%3Bdesktop HTTP/1.1" 200 463 "HTTP" ""
192.168.1.24 - ִמץמה_604 [31/Oct/2016:08:45:22 +0300] "CONNECT gaby.hit.gemius.pl:443 HTTP/1.1" 200 0 "HTTPS" "outgoing via 192.168.1.2"
192.168.1.24 - ִמץמה_604 [31/Oct/2016:08:45:23 +0300] "CONNECT rs.mail.ru:443 HTTP/1.1" 200 0 "HTTPS" "outgoing via 192.168.1.2"
192.168.1.24 - ִמץמה_604 [31/Oct/2016:08:45:23 +0300] "CONNECT rs.mail.ru:443 HTTP/1.1" 200 0 "HTTPS" "outgoing via 192.168.1.2"
192.168.1.24 - ִמץמה_604 [31/Oct/2016:08:45:23 +0300] "CONNECT rs.mail.ru:443 HTTP/1.1" 200 0 "HTTPS" "outgoing via 192.168.1.2"
192.168.1.24 - ִמץמה_604 [31/Oct/2016:08:45:23 +0300] "CONNECT r.mradx.net:443 HTTP/1.1" 200 0 "HTTPS" "outgoing via 192.168.1.2"
192.168.1.24 - ִמץמה_604 [31/Oct/2016:08:45:23 +0300] "CONNECT limg.imgsmail.ru:443 HTTP/1.1" 200 0 "HTTPS" "outgoing via 192.168.1.2"
192.168.1.24 - ִמץמה_604 [31/Oct/2016:08:45:23 +0300] "CONNECT rs.mail.ru:443 HTTP/1.1" 200 0 "HTTPS" "outgoing via 192.168.1.2"
192.168.1.24 - ִמץמה_604 [31/Oct/2016:08:45:23 +0300] "CONNECT r.mradx.net:443 HTTP/1.1" 200 0 "HTTPS" "outgoing via 192.168.1.2"
192.168.1.24 - ִמץמה_604 [31/Oct/2016:08:45:23 +0300] "CONNECT rs.mail.ru:443 HTTP/1.1" 200 0 "HTTPS" "outgoing via 192.168.1.2"
192.168.1.24 - ִמץמה_604 [31/Oct/2016:08:45:23 +0300] "CONNECT mail.radar.imgsmail.ru:443 HTTP/1.1" 200 0 "HTTPS" "outgoing via 192.168.1.2"
192.168.1.24 - ִמץמה_604 [31/Oct/2016:08:45:23 +0300] "CONNECT reklama.mail.ru:443 HTTP/1.1" 200 0 "HTTPS" "outgoing via 192.168.1.2"
192.168.1.24 - ִמץמה_604 [31/Oct/2016:08:45:23 +0300] "CONNECT www.tns-counter.ru:443 HTTP/1.1" 200 0 "HTTPS" "outgoing via 192.168.1.2"
192.168.1.24 - ִמץמה_604 [31/Oct/2016:08:45:24 +0300] "CONNECT r.mradx.net:443 HTTP/1.1" 200 0 "HTTPS" "outgoing via 192.168.1.2"
192.168.1.24 - ִמץמה_604 [31/Oct/2016:08:45:24 +0300] "CONNECT rs.mail.ru:443 HTTP/1.1" 200 0 "HTTPS" "outgoing via 192.168.1.2"
192.168.1.24 - ִמץמה_604 [31/Oct/2016:08:45:24 +0300] "CONNECT r.mradx.net:443 HTTP/1.1" 200 0 "HTTPS" "outgoing via 192.168.1.2"
192.168.1.24 - ִמץמה_604 [31/Oct/2016:08:45:24 +0300] "CONNECT r.mradx.net:443 HTTP/1.1" 200 0 "HTTPS" "outgoing via 192.168.1.2"
192.168.1.24 - ִמץמה_604 [31/Oct/2016:08:45:24 +0300] "CONNECT counter.yadro.ru:443 HTTP/1.1" 200 0 "HTTPS" "outgoing via 192.168.1.2"
192.168.1.24 - ִמץמה_604 [31/Oct/2016:08:45:24 +0300] "CONNECT portal.mail.ru:443 HTTP/1.1" 200 0 "HTTPS" "outgoing via 192.168.1.2"
192.168.1.24 - ִמץמה_604 [31/Oct/2016:08:45:24 +0300] "CONNECT r.mradx.net:443 HTTP/1.1" 200 0 "HTTPS" "outgoing via 192.168.1.2"
192.168.1.29 - ִףבנמגסךטי [31/Oct/2016:08:45:27 +0300] "GET http://top-fwz1.mail.ru/tracker?js=13;id=2771150;u=http%3A//news.tut.by/world/518068.html;r=http%3A//www.tut.by/%3Fcrnd%3D57461;s=1280*1024;vp=1264*933;touch=0;hds=1;flash=22.0;sid=5c03cac3;ver=60;_=0.5649657034796416;e=CE%3A2/t1%3B/world/518068.html%3Bdesktop HTTP/1.1" 200 463 "HTTP" ""
192.168.1.24 - ִמץמה_604 [31/Oct/2016:08:45:28 +0300] "GET http://myfin.by/ajax/pushvisible HTTP/1.1" 200 479 "HTTP" ""
192.168.1.24 - ִמץמה_604 [31/Oct/2016:08:45:28 +0300] "GET http://myfin.by/css/fonts/roboto-regular.woff HTTP/1.1" 200 43523 "HTTP" ""
192.168.1.24 - ִמץמה_604 [31/Oct/2016:08:45:28 +0300] "POST http://gn.symcd.com/ HTTP/1.1" 200 1773 "HTTP" ""
192.168.1.24 - ִמץמה_604 [31/Oct/2016:08:45:28 +0300] "CONNECT tpc.googlesyndication.com:443 HTTP/1.1" 200 0 "HTTPS" "outgoing via 192.168.1.2"
192.168.1.24 - ִמץמה_604 [31/Oct/2016:08:45:28 +0300] "CONNECT googleads.g.doubleclick.net:443 HTTP/1.1" 200 0 "HTTPS" "outgoing via 192.168.1.2"
192.168.1.24 - ִמץמה_604 [31/Oct/2016:08:45:28 +0300] "CONNECT ad.mail.ru:443 HTTP/1.1" 200 0 "HTTPS" "outgoing via 192.168.1.2"
192.168.1.24 - ִמץמה_604 [31/Oct/2016:08:45:31 +0300] "POST http://clients1.google.com/ocsp HTTP/1.1" 200 746 "HTTP" ""
192.168.1.24 - ִמץמה_604 [31/Oct/2016:08:45:31 +0300] "POST http://clients1.google.com/ocsp HTTP/1.1" 200 746 "HTTP" ""
192.168.1.24 - ִמץמה_604 [31/Oct/2016:08:45:31 +0300] "CONNECT ad.mail.ru:443 HTTP/1.1" 200 0 "HTTPS" "outgoing via 192.168.1.2"
192.168.1.24 - ִמץמה_604 [31/Oct/2016:08:45:31 +0300] "CONNECT ad.mail.ru:443 HTTP/1.1" 200 0 "HTTPS" "outgoing via 192.168.1.2"
192.168.1.29 - ִףבנמגסךטי [31/Oct/2016:08:45:32 +0300] "GET http://top-fwz1.mail.ru/tracker?js=13;id=2771150;u=http%3A//news.tut.by/world/518068.html;r=http%3A//www.tut.by/%3Fcrnd%3D57461;s=1280*1024;vp=1264*933;touch=0;hds=1;flash=22.0;sid=5c03cac3;ver=60;_=0.32038463498716574;e=CE%3A2/t1%3B/world/518068.html%3Bdesktop HTTP/1.1" 200 463 "HTTP" ""
192.168.1.24 - ִמץמה_604 [31/Oct/2016:08:45:32 +0300] "CONNECT cm.g.doubleclick.net:443 HTTP/1.1" 200 0 "HTTPS" "outgoing via 192.168.1.2"
192.168.1.24 - ִמץמה_604 [31/Oct/2016:08:45:32 +0300] "POST http://gn.symcd.com/ HTTP/1.1" 200 1773 "HTTP" ""
192.168.1.24 - ִמץמה_604 [31/Oct/2016:08:45:33 +0300] "CONNECT an.mail.ru:443 HTTP/1.1" 200 0 "HTTPS" "outgoing via 192.168.1.2"
192.168.1.24 - ִמץמה_604 [31/Oct/2016:08:45:34 +0300] "POST http://gn.symcd.com/ HTTP/1.1" 200 1773 "HTTP" ""
192.168.1.24 - ִמץמה_604 [31/Oct/2016:08:45:35 +0300] "POST http://gn.symcd.com/ HTTP/1.1" 200 1773 "HTTP" ""
192.168.1.24 - ִמץמה_604 [31/Oct/2016:08:45:35 +0300] "GET http://pagead2.googlesyndication.com/pagead/expansion_embed.js?source=safeframe HTTP/1.1" 200 145 "HTTP" ""
192.168.1.24 - ִמץמה_604 [31/Oct/2016:08:45:36 +0300] "GET http://www.nalog.gov.by/uploads/images/25x25-game.jpg HTTP/1.1" 200 9692 "HTTP" ""
192.168.1.27 - ְֿ_621 [31/Oct/2016:08:45:36 +0300] "CONNECT mail.grodno.by:110" 200 0 "MAP" "TCP"
192.168.1.27 - ְֿ_621 [31/Oct/2016:08:45:36 +0300] "CONNECT mail-01-sh.hoster.by:995" 200 0 "MAP" "TCP"
192.168.1.24 - ִמץמה_604 [31/Oct/2016:08:45:36 +0300] "POST http://gn.symcd.com/ HTTP/1.1" 200 1773 "HTTP" ""
192.168.1.24 - ִמץמה_604 [31/Oct/2016:08:45:36 +0300] "POST http://gn.symcd.com/ HTTP/1.1" 200 1773 "HTTP" ""
192.168.1.24 - ִמץמה_604 [31/Oct/2016:08:45:36 +0300] "CONNECT r.mradx.net:443 HTTP/1.1" 200 0 "HTTPS" "outgoing via 192.168.1.2"
192.168.1.24 - ִמץמה_604 [31/Oct/2016:08:45:36 +0300] "CONNECT img.imgsmail.ru:443 HTTP/1.1" 200 0 "HTTPS" "outgoing via 192.168.1.2"
192.168.1.29 - ִףבנמגסךטי [31/Oct/2016:08:45:37 +0300] "GET http://top-fwz1.mail.ru/tracker?js=13;id=2771150;u=http%3A//news.tut.by/world/518068.html;r=http%3A//www.tut.by/%3Fcrnd%3D57461;s=1280*1024;vp=1264*933;touch=0;hds=1;flash=22.0;sid=5c03cac3;ver=60;_=0.5636902109229642;e=CE%3A2/t1%3B/world/518068.html%3Bdesktop HTTP/1.1" 200 463 "HTTP" ""
192.168.1.24 - ִמץמה_604 [31/Oct/2016:08:45:41 +0300] "CONNECT bs.yandex.ru:443 HTTP/1.1" 200 0 "HTTPS" "outgoing via 192.168.1.2"
192.168.1.29 - ִףבנמגסךטי [31/Oct/2016:08:45:42 +0300] "GET http://top-fwz1.mail.ru/tracker?js=13;id=2771150;u=http%3A//news.tut.by/world/518068.html;r=http%3A//www.tut.by/%3Fcrnd%3D57461;s=1280*1024;vp=1264*933;touch=0;hds=1;flash=22.0;sid=5c03cac3;ver=60;_=0.1598356000835255;e=CE%3A2/t1%3B/world/518068.html%3Bdesktop HTTP/1.1" 200 463 "HTTP" ""
192.168.1.24 - ִמץמה_604 [31/Oct/2016:08:45:44 +0300] "GET http://www.nalog.gov.by/images/storage/video/pr_mid_004261_6843fc9aafe3078160007329cddfde06.jpg HTTP/1.1" 200 24364 "HTTP" ""
192.168.1.24 - ִמץמה_604 [31/Oct/2016:08:45:44 +0300] "GET http://www.nalog.gov.by/ru/ HTTP/1.1" 200 21270 "HTTP" "ּטםטסעונסעגמ ןמ םאכמדאל ט סבמנאל ׀וסןףבכטךט ֱוכאנףס"
192.168.1.24 - ִמץמה_604 [31/Oct/2016:08:45:44 +0300] "GET http://pagead2.googlesyndication.com/pagead/osd.js HTTP/1.1" 200 145 "HTTP" ""
192.168.1.24 - ִמץמה_604 [31/Oct/2016:08:45:44 +0300] "GET http://myfin.by/css/fonts/roboto-light.woff HTTP/1.1" 200 42879 "HTTP" ""
192.168.1.24 - ִמץמה_604 [31/Oct/2016:08:45:45 +0300] "GET http://www.nalog.gov.by/styles/styles.css HTTP/1.1" 200 151 "HTTP" ""
192.168.1.24 - ִמץמה_604 [31/Oct/2016:08:45:46 +0300] "GET http://www.nalog.gov.by/jscript/jquery-1.11.1.min.js HTTP/1.1" 200 188 "HTTP" ""
192.168.1.24 - ִמץמה_604 [31/Oct/2016:08:45:46 +0300] "GET http://www.nalog.gov.by/jscript/jquery.bxslider.min.js HTTP/1.1" 200 187 "HTTP" ""
192.168.1.24 - ִמץמה_604 [31/Oct/2016:08:45:46 +0300] "GET http://www.nalog.gov.by/jscript/scripts.js HTTP/1.1" 200 186 "HTTP" ""
192.168.1.29 - ִףבנמגסךטי [31/Oct/2016:08:45:47 +0300] "GET http://top-fwz1.mail.ru/tracker?js=13;id=2771150;u=http%3A//news.tut.by/world/518068.html;r=http%3A//www.tut.by/%3Fcrnd%3D57461;s=1280*1024;vp=1264*933;touch=0;hds=1;flash=22.0;sid=5c03cac3;ver=60;_=0.2981646196509371;e=CE%3A2/t1%3B/world/518068.html%3Bdesktop HTTP/1.1" 200 463 "HTTP" ""
192.168.1.24 - ִמץמה_604 [31/Oct/2016:08:45:49 +0300] "GET http://www.nalog.gov.by/jscript/mns-tax-calc-2.min.js HTTP/1.1" 200 187 "HTTP" ""
192.168.1.24 - ִמץמה_604 [31/Oct/2016:08:45:50 +0300] "GET http://www.nalog.gov.by/styles/general_styles.css HTTP/1.1" 200 151 "HTTP" ""
192.168.1.24 - ִמץמה_604 [31/Oct/2016:08:45:51 +0300] "CONNECT r.mradx.net:443 HTTP/1.1" 200 0 "HTTPS" "outgoing via 192.168.1.2"
192.168.1.24 - ִמץמה_604 [31/Oct/2016:08:45:51 +0300] "CONNECT r.mradx.net:443 HTTP/1.1" 200 0 "HTTPS" "outgoing via 192.168.1.2"
192.168.1.24 - ִמץמה_604 [31/Oct/2016:08:45:51 +0300] "CONNECT r.mradx.net:443 HTTP/1.1" 200 0 "HTTPS" "outgoing via 192.168.1.2"
192.168.1.24 - ִמץמה_604 [31/Oct/2016:08:45:51 +0300] "CONNECT r.mradx.net:443 HTTP/1.1" 200 0 "HTTPS" "outgoing via 192.168.1.2"
192.168.1.24 - ִמץמה_604 [31/Oct/2016:08:45:51 +0300] "CONNECT r.mradx.net:443 HTTP/1.1" 200 0 "HTTPS" "outgoing via 192.168.1.2"
192.168.1.24 - ִמץמה_604 [31/Oct/2016:08:45:51 +0300] "CONNECT rs.mail.ru:443 HTTP/1.1" 200 0 "HTTPS" "outgoing via 192.168.1.2"
192.168.1.24 - ִמץמה_604 [31/Oct/2016:08:45:51 +0300] "CONNECT rs.mail.ru:443 HTTP/1.1" 200 0 "HTTPS" "outgoing via 192.168.1.2"
192.168.1.24 - ִמץמה_604 [31/Oct/2016:08:45:52 +0300] "CONNECT top-fwz1.mail.ru:443 HTTP/1.1" 200 0 "HTTPS" "outgoing via 192.168.1.2"
192.168.1.24 - ִמץמה_604 [31/Oct/2016:08:45:52 +0300] "GET http://www.nalog.gov.by/styles/skin_slider.css HTTP/1.1" 200 151 "HTTP" ""
192.168.1.29 - ִףבנמגסךטי [31/Oct/2016:08:45:52 +0300] "GET http://top-fwz1.mail.ru/tracker?js=13;id=2771150;u=http%3A//news.tut.by/world/518068.html;r=http%3A//www.tut.by/%3Fcrnd%3D57461;s=1280*1024;vp=1264*933;touch=0;hds=1;flash=22.0;sid=5c03cac3;ver=60;_=0.4134069500372748;e=CE%3A2/t1%3B/world/518068.html%3Bdesktop HTTP/1.1" 200 463 "HTTP" ""
192.168.1.24 - ִמץמה_604 [31/Oct/2016:08:45:52 +0300] "GET http://www.nalog.gov.by/styles/mns-tax-calc-2.css HTTP/1.1" 200 151 "HTTP" ""
192.168.1.24 - ִמץמה_604 [31/Oct/2016:08:45:52 +0300] "GET http://www.nalog.gov.by/desimages/logo_ru.png HTTP/1.1" 200 151 "HTTP" ""
192.168.1.24 - ִמץמה_604 [31/Oct/2016:08:45:52 +0300] "CONNECT pix04.revsci.net:443 HTTP/1.1" 200 0 "HTTPS" "outgoing via 192.168.1.2"
192.168.1.24 - ִמץמה_604 [31/Oct/2016:08:45:52 +0300] "CONNECT stat.radar.imgsmail.ru:443 HTTP/1.1" 200 0 "HTTPS" "outgoing via 192.168.1.2"
192.168.1.24 - ִמץמה_604 [31/Oct/2016:08:45:52 +0300] "GET http://www.nalog.gov.by/images/storage/banners/work_work_000513_a2e9247c27a9883b9776463daac339fd.jpg HTTP/1.1" 200 151 "HTTP" ""
192.168.1.24 - ִמץמה_604 [31/Oct/2016:08:45:52 +0300] "GET http://www.nalog.gov.by/images/storage/banners/work_work_work_000513_cb79671c5440e5905854cc1e0a2c7b42.jpg HTTP/1.1" 200 151 "HTTP" ""
